hdkfhkdhhfdjshdjfhdfkjdsjckdshf
123456789
